     1                                  ;------------------------------------------------------------------------------
     2                                  ; Executable file	:	is_sorted
     3                                  ; Version			:	0.0
     4                                  ; Created date 		:	2018-02-10
     5                                  ; Last update		:	2018-02-10
     6                                  ; Author			:	Boris
     7                                  ; Description		:	???
     8                                  ;
     9                                  ; Assemble			:	see makefile
    10                                  ;------------------------------------------------------------------------------
    11                                  
    12                                  extern check_sorted
    13                                  
    14                                  section .data
    15                                  %include "string.txt"
     1 00000000 FA920E00FA920E0012- <1> string_to_check: dd 955130, 955130, 1042194, 1143827, 1170402, 1170499
     1 00000009 E70F0013741100E2DB- <1>
     1 00000012 110043DC1100        <1>
    16                                  	string_to_check_len equ 0x06
    17                                  
    18 00000018 736F727465640A0D        	str_sorted: db 'sorted',10,13
    19                                  	str_sorted_len equ $-str_sorted
    20                                  
    21 00000020 756E736F727465640A-     	str_unsorted: db 'unsorted',10,13
    21 00000029 0D                 
    22                                  	str_unsorted_len equ $-str_unsorted
    23                                  
    24                                  
    25                                  section .text
    26                                  	global _start					; declaring starting point
    27                                  
    28                                  _start:
    29                                  
    30 00000000 BB0A000000              	mov ebx,0x0a					; specifying base 10 in ebx
    31 00000005 BE[00000000]            	mov esi,string_to_check			; moving string pointer to esi
    32 0000000A B906000000              	mov ecx,string_to_check_len		; moving string length to ecx
    33                                  
    34 0000000F E8(00000000)            	call check_sorted
    35                                  
    36 00000014 B804000000              	mov eax,0x04
    37 00000019 BB02000000              	mov ebx,0x02
    38 0000001E 730C                    	jnc .unsorted
    39                                  
    40 00000020 B9[18000000]            	mov ecx,str_sorted
    41 00000025 BA08000000              	mov edx,str_sorted_len
    42 0000002A EB0A                    	jmp .int
    43                                  .unsorted:
    44 0000002C B9[20000000]            	mov ecx,str_unsorted
    45 00000031 BA0A000000              	mov edx,str_unsorted_len
    46                                  .int:
    47 00000036 CD80                    	int 0x80
    48                                  	
    49 00000038 B001                    	mov al,0x01						; setting syscall code 'exit'
    50 0000003A B300                    	mov bl,0x0						; setting return code
    51 0000003C CD80                    	int 0x80						; performing interrupt
