     1                                  ;------------------------------------------------------------------------------
     2                                  ; Object file	:	sort_util.o
     3                                  ; Version		:	0.0
     4                                  ; Created date 	:	2018-02-10
     5                                  ; Last update 	:	2018-02-10
     6                                  ; Author		:	Boris
     7                                  ; Description	:	???
     8                                  ;
     9                                  ; Assemble		:	see ../../makefile
    10                                  ;------------------------------------------------------------------------------
    11                                  
    12                                  section .text
    13                                  	global check_sorted				; declaring global access for
    14                                  									; check_sorted
    15                                  
    16                                  ;------------------------------------------------------------------------------
    17                                  ; check_sorted	:	checks if given string of dwords is sorted in ascending order
    18                                  ; updated		:	2018-02-10
    19                                  ; in			:	esi - string pointer
    20                                  ;					ecx - string length
    21                                  ; out			:	CF  - 0x0 or 0x01
    22                                  ; modifies		:	???
    23                                  ; calls			:	???
    24                                  ;
    25                                  
    26                                  check_sorted:
    27 00000000 50                      	push eax
    28 00000001 53                      	push ebx
    29                                  
    30 00000002 31DB                    	xor ebx,ebx
    31 00000004 49                      	dec ecx
    32                                  .loop:
    33 00000005 39CB                    	cmp ebx,ecx
    34 00000007 740F                    	je .sorted
    35 00000009 8B049E                  	mov eax,[esi+ebx*4]
    36 0000000C 3B449E04                	cmp eax,[esi+ebx*4+4]
    37 00000010 7703                    	ja .unsorted
    38 00000012 43                      	inc ebx
    39 00000013 EBF0                    	jmp .loop
    40                                  .unsorted:
    41 00000015 F8                      	clc
    42 00000016 EB03                    	jmp .done
    43                                  .sorted:
    44 00000018 F9                      	stc
    45 00000019 EB00                    	jmp .done
    46                                  .done:
    47 0000001B 5B                      	pop ebx
    48 0000001C 58                      	pop eax
    49                                  
    50 0000001D C3                      	ret
